<!DOCTYPE html>
<html lang="en">
	<head>
		<title>|3234_MSG_SUBJECT|</title>
		<style>
			img {
				max-width: 100%;
				vertical-align: bottom;
			}
			pre, code, blockquote {
				border-radius: 5px;
			}
			pre, code {
				font-size: 14px;
				padding: 15px;
				background-color: #E1E2E3;
				white-space: break-spaces;
			}
			code {
				font-family: ui-monospace, "Cascadia Mono", "Segoe UI Mono", "Liberation Mono", Menlo, Monaco, Consolas, monospace;
				padding: 0 5px 0 5px;
			}
			blockquote {
				background: linear-gradient(90deg, #C8CCD0 4px, #FFFFFF 0%);
				color: #656565;
				padding: 1px 0 1px 15px;
				position: relative;
				margin-left: 15px;
			}
			blockquote::before {
				background: #C8CCD0;
				width: 4px;
				height: 101%;
				content: "";
				position: absolute;
				margin-top: -2px;
				margin-left: -15px;
				border-radius: 2px;
			}
		</style>
		<meta http-equiv="Content-Type" content="text/html; charset=utf-8">
	</head>
	<body style="font-family: arial,sans-serif; word-wrap: break-word;">
		<span style="display: none !important; visibility: hidden; width: 0; height: 0; opacity: 0; color: transparent;">|3234_ERROR_REPORT_PROBLEMS_DETECTED| ||| |3234_ERROR_REPORT|</span>
		<span id="page_beginning"></span>
		<div style="height: 40px;"><p style="max-width: 1075px; font-size: 21px; color: white; background: red; margin: 0 auto; padding: 8px 0; text-align: center;"><strong>|<em><u>S.M.A.R.T. notifications</u></em>|</strong></p></div>
		<br>
		<div style="margin-left: 20px; margin-right: 20px;">
			<div style="max-width: 950px; margin: 0 auto; font-family: -apple-system, BlinkMacSystemFont, 'Segoe UI Adjusted', 'Segoe UI', 'Liberation Sans', sans-serif;">
				<div style="border: 3px solid #FFD700; padding: 0 10px 10px 10px;">
					<p><b><u>Main information</u></b></p>
					<p>Tests began on: <b>|3234_DATE_AND_TIME|</b></p>
					<p>|3234_ERROR_REPORT_PROBLEMS_DETECTED|</p>
					<p>|3234_ERROR_REPORT|</p>
				</div>

				<h3>Notes about the report formatting</h3>
				<pre style="border-radius: 5px; overflow: auto; padding: 15px; background-color: #E0E0E0; white-space: break-spaces;">
- <u><strong><em>Underlined + Bold + Italic:</em></strong></u> beginning of possible failure indicators

- <strong><em>Bold + Italic:</em></strong> S.M.A.R.T. attributes that don't indicate imminent break-down, but are still important (for example, temperature)

- <strong>Bold:</strong> S.M.A.R.T. attributes defined as the pre-failure warnings by smartctl
- <u>Underlined:</u> S.M.A.R.T. attributes defined as pre-failure warnings by Wikipedia
- <u><strong>Bold + Underlined:</strong></u> junction of both above

- <strong style="font-size: 20px;">Bold + big letter:</strong> <strong><em><u>error detection OR in-course failurewarnings</u></em></strong> (the same type of warnings indicated in the "General information report")
</pre>

				<div id="index" style="border: 3px solid #FFD700; padding: 0 10px 10px 10px;">
					<h2>Index</h2>
					|3234_FINAL_HTML_INDEX_DISKS_SMART_STATUS|
					<p><a href="#HDD3">- HDD3 (/dev/sdb)</a></p><p><a href="#HDD2">- HDD2 (/dev/sdc)</a></p><p><a href="#HDD1">- HDD1 (/dev/sdd)</a></p>
				</div>

				|3234_FINAL_HTML_DISKS_SMART_STATUS|

				<h2><a id="HDD3" href="#index">HDD3 (/dev/sdb)</a></h2>
				<pre style="white-space: break-spaces;">smartctl 6.6 2016-05-31 r4324 [armv7l-linux-5.10.11-v7+] (local build)
Copyright (C) 2002-16, Bruce Allen, Christian Franke, www.smartmontools.org

=== START OF INFORMATION SECTION ===
Model Family:     Western Digital Purple
Device Model:     WDC WD20PURZ-85GU6Y0
Serial Number:    WD-WCC4M3SC195Y
LU WWN Device Id: 5 0014ee 2124f4dee
Firmware Version: 80.00A80
User Capacity:    2,000,398,934,016 bytes [2.00 TB]
Sector Sizes:     512 bytes logical, 4096 bytes physical
Rotation Rate:    5400 rpm
Device is:        In smartctl database [for details use: -P show]
ATA Version is:   ACS-2 (minor revision not indicated)
SATA Version is:  SATA 3.0, 6.0 Gb/s (current: 3.0 Gb/s)
Local Time is:    Fri Mar  5 23:31:56 2021 WET
SMART support is: Available - device has SMART capability.
SMART support is: Enabled
AAM feature is:   Unavailable
APM feature is:   Unavailable
Rd look-ahead is: Enabled
Write cache is:   Enabled
ATA Security is:  Disabled, NOT FROZEN [SEC1]
Wt Cache Reorder: Enabled

=== START OF READ SMART DATA SECTION ===
<i><u><b>SMART overall-health self-assessment test result: PASSED</b></u></i>

General SMART Values:
Offline data collection status:  (0x04)	Offline data collection activity
					was suspended by an interrupting command from host.
					Auto Offline Data Collection: Disabled.
<b style="font-size: 20px;">Self-test execution status:      ( 241)	Self-test routine in progress...</b>
					10% of test remaining.
Total time to complete Offline
data collection: 		(26580) seconds.
Offline data collection
capabilities: 			 (0x7b) SMART execute Offline immediate.
					Auto Offline data collection on/off support.
					Suspend Offline collection upon new
					command.
					Offline surface scan supported.
					Self-test supported.
					Conveyance Self-test supported.
					Selective Self-test supported.
SMART capabilities:            (0x0003)	Saves SMART data before entering
					power-saving mode.
					Supports SMART auto save timer.
Error logging capability:        (0x01)	Error logging supported.
					General Purpose Logging supported.
Short self-test routine
recommended polling time: 	 (   2) minutes.
Extended self-test routine
recommended polling time: 	 ( 268) minutes.
Conveyance self-test routine
recommended polling time: 	 (   5) minutes.
SCT capabilities: 	       (0x703d)	SCT Status supported.
					SCT Error Recovery Control supported.
					SCT Feature Control supported.
					SCT Data Table supported.

SMART Attributes Data Structure revision number: 16
<i><u><b>Vendor Specific SMART Attributes with Thresholds:</b></u></i>
ID# ATTRIBUTE_NAME          FLAGS    VALUE WORST THRESH FAIL RAW_VALUE
<u><b>  1 Raw_Read_Error_Rate     POSR-K   200   200   051    -    0</b></u>
<u><b>  3 Spin_Up_Time            POS--K   177   175   021    -    4108</b></u>
  4 Start_Stop_Count        -O--CK   100   100   000    -    200
<u><b>  5 Reallocated_Sector_Ct   PO--CK   200   200   140    -    0</b></u>
  7 Seek_Error_Rate         -OSR-K   200   200   000    -    0
  9 Power_On_Hours          -O--CK   097   097   000    -    2670
<u> 10 Spin_Retry_Count        -O--CK   100   100   000    -    0</u>
 11 Calibration_Retry_Count -O--CK   100   253   000    -    0
 12 Power_Cycle_Count       -O--CK   100   100   000    -    86
192 Power-Off_Retract_Count -O--CK   200   200   000    -    42
193 Load_Cycle_Count        -O--CK   200   200   000    -    158
194 Temperature_Celsius     -O---K   118   110   000    -    29
<u>196 Reallocated_Event_Count -O--CK   200   200   000    -    0</u>
<u>197 Current_Pending_Sector  -O--CK   200   200   000    -    0</u>
<u>198 Offline_Uncorrectable   ----CK   100   253   000    -    0</u>
199 UDMA_CRC_Error_Count    -O--CK   200   200   000    -    0
200 Multi_Zone_Error_Rate   ---R--   100   253   000    -    0
                            ||||||_ K auto-keep
                            |||||__ C event count
                            ||||___ R error rate
                            |||____ S speed/performance
                            ||_____ O updated online
                            |______ P prefailure warning

General Purpose Log Directory Version 1
SMART           Log Directory Version 1 [multi-sector log support]
Address    Access  R/W   Size  Description
0x00       GPL,SL  R/O      1  Log Directory
0x01           SL  R/O      1  Summary SMART error log
0x02           SL  R/O      5  Comprehensive SMART error log
0x03       GPL     R/O      6  Ext. Comprehensive SMART error log
0x04       GPL,SL  R/O      8  Device Statistics log
0x06           SL  R/O      1  SMART self-test log
0x07       GPL     R/O      1  Extended self-test log
0x09           SL  R/W      1  Selective self-test log
0x10       GPL     R/O      1  SATA NCQ Queued Error log
0x11       GPL     R/O      1  SATA Phy Event Counters log
0x21       GPL     R/O      1  Write stream error log
0x22       GPL     R/O      1  Read stream error log
0x80-0x9f  GPL,SL  R/W     16  Host vendor specific log
0xa0-0xa7  GPL,SL  VS      16  Device vendor specific log
0xa8-0xb6  GPL,SL  VS       1  Device vendor specific log
0xb7       GPL,SL  VS      39  Device vendor specific log
0xbd       GPL,SL  VS       1  Device vendor specific log
0xc0       GPL,SL  VS       1  Device vendor specific log
0xc1       GPL     VS      93  Device vendor specific log
0xe0       GPL,SL  R/W      1  SCT Command/Status
0xe1       GPL,SL  R/W      1  SCT Data Transfer

<i><u><b>SMART Extended Comprehensive Error Log Version: 1 (6 sectors)</b></u></i>
<b style="font-size: 20px;">Device Error Count: 10</b>
	CR     = Command Register
	FEATR  = Features Register
	COUNT  = Count (was: Sector Count) Register
	LBA_48 = Upper bytes of LBA High/Mid/Low Registers ]  ATA-8
	LH     = LBA High (was: Cylinder High) Register    ]   LBA
	LM     = LBA Mid (was: Cylinder Low) Register      ] Register
	LL     = LBA Low (was: Sector Number) Register     ]
	DV     = Device (was: Device/Head) Register
	DC     = Device Control Register
	ER     = Error register
	ST     = Status register
Powered_Up_Time is measured from power on, and printed as
DDd+hh:mm:SS.sss where DD=days, hh=hours, mm=minutes,
SS=sec, and sss=millisec. It "wraps" after 49.710 days.

Error 10 [9] occurred at disk power-on lifetime: 2542 hours (105 days + 22 hours)
  When the command that caused the error occurred, the device was active or idle.

  After command completion occurred, registers were:
  ER -- ST COUNT  LBA_48  LH LM LL DV DC
  -- -- -- == -- == == == -- -- -- -- --
  40 -- 51 04 00 00 00 bb 48 f2 d4 e0 00  Error: UNC 1024 sectors at LBA = 0xbb48f2d4 = 3142120148

  Commands leading to the command that caused the error were:
  CR FEATR COUNT  LBA_48  LH LM LL DV DC  Powered_Up_Time  Command/Feature_Name
  -- == -- == -- == == == -- -- -- -- --  ---------------  --------------------
  25 00 03 04 00 00 00 bb 48 f1 30 e0 00     00:01:54.388  READ DMA EXT
  25 00 03 04 00 00 00 bb 48 ed 30 e0 00     00:01:54.383  READ DMA EXT
  25 00 03 04 00 00 00 bb 48 e9 30 e0 00     00:01:54.375  READ DMA EXT
  25 00 03 04 00 00 00 bb 48 e5 30 e0 00     00:01:54.371  READ DMA EXT
  25 00 03 04 00 00 00 bb 48 e1 30 e0 00     00:01:54.366  READ DMA EXT

Error 9 [8] occurred at disk power-on lifetime: 2542 hours (105 days + 22 hours)
  When the command that caused the error occurred, the device was active or idle.

  After command completion occurred, registers were:
  ER -- ST COUNT  LBA_48  LH LM LL DV DC
  -- -- -- == -- == == == -- -- -- -- --
  40 -- 51 04 00 00 00 ba 80 a3 90 e0 00  Error: UNC 1024 sectors at LBA = 0xba80a390 = 3128992656

  Commands leading to the command that caused the error were:
  CR FEATR COUNT  LBA_48  LH LM LL DV DC  Powered_Up_Time  Command/Feature_Name
  -- == -- == -- == == == -- -- -- -- --  ---------------  --------------------
  25 00 03 04 00 00 00 ba 80 a1 30 e0 00     00:00:52.531  READ DMA EXT
  25 00 03 04 00 00 00 ba 80 9d 30 e0 00     00:00:52.525  READ DMA EXT
  25 00 03 04 00 00 00 ba 80 99 30 e0 00     00:00:52.519  READ DMA EXT
  25 00 03 04 00 00 00 ba 80 95 30 e0 00     00:00:52.515  READ DMA EXT
  25 00 03 04 00 00 00 ba 80 91 30 e0 00     00:00:52.511  READ DMA EXT

Error 8 [7] occurred at disk power-on lifetime: 2542 hours (105 days + 22 hours)
  When the command that caused the error occurred, the device was active or idle.

  After command completion occurred, registers were:
  ER -- ST COUNT  LBA_48  LH LM LL DV DC
  -- -- -- == -- == == == -- -- -- -- --
  40 -- 51 04 00 00 00 ba 14 64 20 e0 00  Error: UNC 1024 sectors at LBA = 0xba146420 = 3121898528

  Commands leading to the command that caused the error were:
  CR FEATR COUNT  LBA_48  LH LM LL DV DC  Powered_Up_Time  Command/Feature_Name
  -- == -- == -- == == == -- -- -- -- --  ---------------  --------------------
  25 00 03 04 00 00 00 ba 14 61 30 e0 00     00:11:21.555  READ DMA EXT
  25 00 03 04 00 00 00 ba 14 5d 30 e0 00     00:11:21.548  READ DMA EXT
  25 00 03 04 00 00 00 ba 14 59 30 e0 00     00:11:21.543  READ DMA EXT
  25 00 03 04 00 00 00 ba 14 55 30 e0 00     00:11:21.539  READ DMA EXT
  25 00 03 04 00 00 00 ba 14 51 30 e0 00     00:11:21.533  READ DMA EXT

Error 7 [6] occurred at disk power-on lifetime: 2535 hours (105 days + 15 hours)
  When the command that caused the error occurred, the device was active or idle.

  After command completion occurred, registers were:
  ER -- ST COUNT  LBA_48  LH LM LL DV DC
  -- -- -- == -- == == == -- -- -- -- --
  40 -- 51 04 00 00 00 00 00 47 28 e0 00  Error: UNC 1024 sectors at LBA = 0x00004728 = 18216

  Commands leading to the command that caused the error were:
  CR FEATR COUNT  LBA_48  LH LM LL DV DC  Powered_Up_Time  Command/Feature_Name
  -- == -- == -- == == == -- -- -- -- --  ---------------  --------------------
  25 00 03 04 00 00 00 00 00 46 98 e0 00     00:46:33.618  READ DMA EXT
  25 00 03 04 00 00 00 00 00 42 98 e0 00     00:46:33.616  READ DMA EXT
  25 00 03 04 00 00 00 00 00 3e 98 e0 00     00:46:33.608  READ DMA EXT
  25 00 03 04 00 00 00 00 00 3a 98 e0 00     00:46:33.604  READ DMA EXT
  25 00 03 01 00 00 00 00 00 37 80 e0 00     00:46:33.597  READ DMA EXT

Error 6 [5] occurred at disk power-on lifetime: 2534 hours (105 days + 14 hours)
  When the command that caused the error occurred, the device was active or idle.

  After command completion occurred, registers were:
  ER -- ST COUNT  LBA_48  LH LM LL DV DC
  -- -- -- == -- == == == -- -- -- -- --
  10 -- 51 00 08 00 00 00 00 08 b0 e0 00  Error: IDNF 8 sectors at LBA = 0x000008b0 = 2224

  Commands leading to the command that caused the error were:
  CR FEATR COUNT  LBA_48  LH LM LL DV DC  Powered_Up_Time  Command/Feature_Name
  -- == -- == -- == == == -- -- -- -- --  ---------------  --------------------
  35 00 03 00 08 00 00 00 00 08 b0 e0 00     01:27:31.567  WRITE DMA EXT
  35 00 03 00 08 00 00 11 22 65 90 e0 00     01:27:31.560  WRITE DMA EXT
  35 00 03 00 08 00 00 11 21 d0 f8 e0 00     01:27:31.560  WRITE DMA EXT
  35 00 03 00 08 00 00 11 21 8c a8 e0 00     01:27:31.560  WRITE DMA EXT
  35 00 03 00 08 00 00 11 20 92 d8 e0 00     01:27:31.559  WRITE DMA EXT

Error 5 [4] occurred at disk power-on lifetime: 2534 hours (105 days + 14 hours)
  When the command that caused the error occurred, the device was active or idle.

  After command completion occurred, registers were:
  ER -- ST COUNT  LBA_48  LH LM LL DV DC
  -- -- -- == -- == == == -- -- -- -- --
  10 -- 51 00 08 00 00 11 1c f3 28 e0 00  Error: IDNF 8 sectors at LBA = 0x111cf328 = 287109928

  Commands leading to the command that caused the error were:
  CR FEATR COUNT  LBA_48  LH LM LL DV DC  Powered_Up_Time  Command/Feature_Name
  -- == -- == -- == == == -- -- -- -- --  ---------------  --------------------
  35 00 03 00 08 00 00 11 1c f3 28 e0 00     01:27:11.413  WRITE DMA EXT
  35 00 03 00 08 00 00 11 1c 6a b0 e0 00     01:27:11.413  WRITE DMA EXT
  35 00 03 00 08 00 00 11 1c 65 f0 e0 00     01:27:11.413  WRITE DMA EXT
  35 00 03 00 08 00 00 11 1c 16 00 e0 00     01:27:11.401  WRITE DMA EXT
  35 00 03 00 08 00 00 11 1c 0f 58 e0 00     01:27:11.401  WRITE DMA EXT

Error 4 [3] occurred at disk power-on lifetime: 2534 hours (105 days + 14 hours)
  When the command that caused the error occurred, the device was active or idle.

  After command completion occurred, registers were:
  ER -- ST COUNT  LBA_48  LH LM LL DV DC
  -- -- -- == -- == == == -- -- -- -- --
  10 -- 51 00 08 00 00 10 12 cb f0 e0 00  Error: IDNF 8 sectors at LBA = 0x1012cbf0 = 269667312

  Commands leading to the command that caused the error were:
  CR FEATR COUNT  LBA_48  LH LM LL DV DC  Powered_Up_Time  Command/Feature_Name
  -- == -- == -- == == == -- -- -- -- --  ---------------  --------------------
  35 00 03 00 08 00 00 10 12 cb f0 e0 00     01:25:49.612  WRITE DMA EXT
  35 00 03 00 08 00 00 10 12 cb 60 e0 00     01:25:49.612  WRITE DMA EXT
  35 00 03 00 08 00 00 10 12 ca 80 e0 00     01:25:49.612  WRITE DMA EXT
  35 00 03 00 08 00 00 10 12 ca 30 e0 00     01:25:49.612  WRITE DMA EXT
  35 00 03 00 08 00 00 10 12 ca 10 e0 00     01:25:49.612  WRITE DMA EXT

Error 3 [2] occurred at disk power-on lifetime: 2534 hours (105 days + 14 hours)
  When the command that caused the error occurred, the device was active or idle.

  After command completion occurred, registers were:
  ER -- ST COUNT  LBA_48  LH LM LL DV DC
  -- -- -- == -- == == == -- -- -- -- --
  10 -- 51 00 08 00 00 10 12 c1 d8 e0 00  Error: IDNF 8 sectors at LBA = 0x1012c1d8 = 269664728

  Commands leading to the command that caused the error were:
  CR FEATR COUNT  LBA_48  LH LM LL DV DC  Powered_Up_Time  Command/Feature_Name
  -- == -- == -- == == == -- -- -- -- --  ---------------  --------------------
  35 00 03 00 08 00 00 10 12 c1 d8 e0 00     01:25:29.490  WRITE DMA EXT
  35 00 03 00 08 00 00 10 12 c1 98 e0 00     01:25:29.490  WRITE DMA EXT
  35 00 03 00 08 00 00 10 12 c0 d8 e0 00     01:25:29.489  WRITE DMA EXT
  35 00 03 00 08 00 00 10 12 c1 10 e0 00     01:25:29.489  WRITE DMA EXT
  35 00 03 00 08 00 00 10 12 c0 98 e0 00     01:25:29.489  WRITE DMA EXT

<i><u><b>SMART Extended Self-test Log Version: 1 (1 sectors)</b></u></i>
Num  Test_Description    Status                  Remaining  LifeTime(hours)  LBA_of_first_error
# 1  Extended offline    Aborted by host               90%      2666         -
# 2  Extended offline    Aborted by host               90%      2666         -
# 3  Extended offline    Aborted by host               90%      2666         -
# 4  Extended offline    Aborted by host               90%      2666         -
# 5  Extended offline    Aborted by host               90%      2666         -
# 6  Extended offline    Aborted by host               90%      2665         -
# 7  Extended offline    Aborted by host               90%      2665         -
# 8  Short offline       Completed without error       00%      2665         -
# 9  Short offline       Completed without error       00%      2665         -
#10  Short offline       Aborted by host               80%      2665         -
#11  Short offline       Completed without error       00%      2665         -
#12  Short offline       Aborted by host               90%      2664         -
#13  Short offline       Completed without error       00%      2662         -
#14  Short offline       Aborted by host               80%      2662         -
#15  Short offline       Aborted by host               70%      2662         -
#16  Short offline       Completed without error       00%      2662         -
#17  Short offline       Completed without error       00%      2662         -
#18  Short offline       Completed without error       00%      2662         -

SMART Selective self-test log data structure revision number 1
 SPAN  MIN_LBA  MAX_LBA  CURRENT_TEST_STATUS
    1        0        0  Not_testing
    2        0        0  Not_testing
    3        0        0  Not_testing
    4        0        0  Not_testing
    5        0        0  Not_testing
Selective self-test flags (0x0):
  After scanning selected spans, do NOT read-scan remainder of disk.
If Selective self-test is pending on power-up, resume after 0 minute delay.

SCT Status Version:                  3
SCT Version (vendor specific):       258 (0x0102)
SCT Support Level:                   1
Device State:                        Stand-by (1)
Current Temperature:                    29 Celsius
Power Cycle Min/Max Temperature:     19/33 Celsius
Lifetime    Min/Max Temperature:     14/37 Celsius
Under/Over Temperature Limit Count:   0/0
Vendor specific:
01 00 00 00 00 00 00 00 00 00 00 00 00 00 00 00
00 00 00 00 00 00 00 00 00 00 00 00 00 00 00 00

<i><u><b>SCT Temperature History Version:     2</b></u></i>
Temperature Sampling Period:         1 minute
Temperature Logging Interval:        1 minute
Min/Max recommended Temperature:      0/65 Celsius
Min/Max Temperature Limit:           -41/85 Celsius
Temperature History Size (Index):    478 (334)

Index    Estimated Time   Temperature Celsius
 335    2021-03-05 15:34    33  **************
 ...    ..( 83 skipped).    ..  **************
 419    2021-03-05 16:58    33  **************
 420    2021-03-05 16:59    32  *************
 ...    ..(  2 skipped).    ..  *************
 423    2021-03-05 17:02    32  *************
 424    2021-03-05 17:03    31  ************
 425    2021-03-05 17:04    31  ************
 426    2021-03-05 17:05    30  ***********
 427    2021-03-05 17:06    30  ***********
 428    2021-03-05 17:07    30  ***********
 429    2021-03-05 17:08    29  **********
 ...    ..(  4 skipped).    ..  **********
 434    2021-03-05 17:13    29  **********
 435    2021-03-05 17:14    30  ***********
 ...    ..(  7 skipped).    ..  ***********
 443    2021-03-05 17:22    30  ***********
 444    2021-03-05 17:23    29  **********
 ...    ..(128 skipped).    ..  **********
  95    2021-03-05 19:32    29  **********
  96    2021-03-05 19:33    30  ***********
 ...    ..(  4 skipped).    ..  ***********
 101    2021-03-05 19:38    30  ***********
 102    2021-03-05 19:39    31  ************
 ...    ..( 18 skipped).    ..  ************
 121    2021-03-05 19:58    31  ************
 122    2021-03-05 19:59    32  *************
 ...    ..( 27 skipped).    ..  *************
 150    2021-03-05 20:27    32  *************
 151    2021-03-05 20:28    33  **************
 ...    ..(182 skipped).    ..  **************
 334    2021-03-05 23:31    33  **************

SCT Error Recovery Control:
           Read:     70 (7.0 seconds)
          Write:     70 (7.0 seconds)

Device Statistics (GP Log 0x04)
Page  Offset Size        Value Flags Description
0x01  =====  =               =  ===  == General Statistics (rev 2) ==
0x01  0x008  4              86  ---  Lifetime Power-On Resets
0x01  0x010  4            2670  ---  Power-on Hours
0x01  0x018  6      4266174240  ---  Logical Sectors Written
0x01  0x020  6        13152519  ---  Number of Write Commands
0x01  0x028  6      3016952714  ---  Logical Sectors Read
0x01  0x030  6         9386158  ---  Number of Read Commands
0x03  =====  =               =  ===  == Rotating Media Statistics (rev 1) ==
0x03  0x008  4            1121  ---  Spindle Motor Power-on Hours
0x03  0x010  4            1121  ---  Head Flying Hours
0x03  0x018  4             201  ---  Head Load Events
0x03  0x020  4               0  ---  Number of Reallocated Logical Sectors
0x03  0x028  4               0  ---  Read Recovery Attempts
0x03  0x030  4               0  ---  Number of Mechanical Start Failures
0x04  =====  =               =  ===  == General Errors Statistics (rev 1) ==
0x04  0x008  4              10  ---  Number of Reported Uncorrectable Errors
0x04  0x010  4              12  ---  Resets Between Cmd Acceptance and Completion
0x05  =====  =               =  ===  == Temperature Statistics (rev 1) ==
0x05  0x008  1              28  ---  Current Temperature
0x05  0x010  1              27  ---  Average Short Term Temperature
0x05  0x018  1              19  ---  Average Long Term Temperature
0x05  0x020  1              36  ---  Highest Temperature
0x05  0x028  1              13  ---  Lowest Temperature
0x05  0x030  1              34  ---  Highest Average Short Term Temperature
0x05  0x038  1              13  ---  Lowest Average Short Term Temperature
0x05  0x040  1              27  ---  Highest Average Long Term Temperature
0x05  0x048  1              18  ---  Lowest Average Long Term Temperature
0x05  0x050  4               0  ---  Time in Over-Temperature
0x05  0x058  1              65  ---  Specified Maximum Operating Temperature
0x05  0x060  4               0  ---  Time in Under-Temperature
0x05  0x068  1               0  ---  Specified Minimum Operating Temperature
0x06  =====  =               =  ===  == Transport Statistics (rev 1) ==
0x06  0x008  4             269  ---  Number of Hardware Resets
0x06  0x010  4       141946574  ---  Number of ASR Events
0x06  0x018  4               0  ---  Number of Interface CRC Errors
                                |||_ C monitored condition met
                                ||__ D supports DSN
                                |___ N normalized value

SATA Phy Event Counters (GP Log 0x11)
ID      Size     Value  Description
0x0001  2            0  Command failed due to ICRC error
0x0002  2            0  R_ERR response for data FIS
0x0003  2            0  R_ERR response for device-to-host data FIS
0x0004  2            0  R_ERR response for host-to-device data FIS
0x0005  2            0  R_ERR response for non-data FIS
0x0006  2            0  R_ERR response for device-to-host non-data FIS
0x0007  2            0  R_ERR response for host-to-device non-data FIS
0x0008  2            0  Device-to-host non-data FIS retries
0x0009  2            5  Transition from drive PhyRdy to drive PhyNRdy
0x000a  2            5  Device-to-host register FISes sent due to a COMRESET
0x000b  2            0  CRC errors within host-to-device FIS
0x000f  2            0  R_ERR response for host-to-device data FIS, CRC
0x0012  2            0  R_ERR response for host-to-device non-data FIS, CRC
0x8000  4       456218  Vendor specific

</pre>

				<h2><a name="HDD2" href="#index">HDD2 (/dev/sdc)</a></h2>

				<h2><a name="HDD1" href="#index">HDD1 (/dev/sdd)</a></h2>

<pre>
	SATA Phy Event Counters (GP Log 0x11)
ID      Size     Value  Description
0x0001  2            0  Command failed due to ICRC error
0x0002  2            0  R_ERR response for data FIS
0x0003  2            0  R_ERR response for device-to-host data FIS
0x0004  2            0  R_ERR response for host-to-device data FIS
0x0005  2            0  R_ERR response for non-data FIS
0x0006  2            0  R_ERR response for device-to-host non-data FIS
0x0007  2            0  R_ERR response for host-to-device non-data FIS
0x0008  2            0  Device-to-host non-data FIS retries
0x0009  2            5  Transition from drive PhyRdy to drive PhyNRdy
0x000a  2            5  Device-to-host register FISes sent due to a COMRESET
0x000b  2            0  CRC errors within host-to-device FIS
0x000f  2            0  R_ERR response for host-to-device data FIS, CRC
0x0012  2            0  R_ERR response for host-to-device non-data FIS, CRC
0x8000  4       456218  Vendor specific

</pre>

			</div>
		</div>
		<br>
		<p style="max-width: 1075px; font-size: 13px; color: white; background-color: #07b315; margin: 0 auto; padding: 5px 0 5px 5px;">V.I.S.O.R. Systems</p>
	</body>
</html>
